// Vitest Snapshot v1, https://vitest.dev/guide/snapshot.html

exports[`App > should render screen of game 1`] = `
<div>
  <header
    class="_header_243a2a"
  >
    <div
      class="_scores_afa92b"
    >
      <h3>
        Scores
      </h3>
      <p>
        Player X: 
        0
      </p>
      <p>
        Player O: 
        0
      </p>
    </div>
    <div
      class="_timer_32e71e"
      data-testid="timer"
    >
      <h3>
        Player 
        X
        : 
        5
      </h3>
    </div>
  </header>
  <main
    class="_main_6f6c26"
    style="background-color: rgb(214, 193, 239);"
  >
    <div
      class="_board_f7a227"
    >
      <button
        data-testid="span-cell-0"
        id="cell-0"
        type="button"
      />
      <button
        data-testid="span-cell-1"
        id="cell-1"
        type="button"
      />
      <button
        data-testid="span-cell-2"
        id="cell-2"
        type="button"
      />
      <button
        data-testid="span-cell-3"
        id="cell-3"
        type="button"
      />
      <button
        data-testid="span-cell-4"
        id="cell-4"
        type="button"
      />
      <button
        data-testid="span-cell-5"
        id="cell-5"
        type="button"
      />
      <button
        data-testid="span-cell-6"
        id="cell-6"
        type="button"
      />
      <button
        data-testid="span-cell-7"
        id="cell-7"
        type="button"
      />
      <button
        data-testid="span-cell-8"
        id="cell-8"
        type="button"
      />
    </div>
    <button
      class="_resetButton_baa250"
    >
      Reset Game
    </button>
    <div
      class="_set_ab705f"
    >
      <button
        class="_mainMenu_ab705f"
        data-testid="settings-button"
      >
        <img
          alt="Menu settings"
          height="30"
          src="/tic-tac-toe/settings.png"
          width="30"
        />
      </button>
      <ul>
        <li>
          <button
            data-testid="settings-button-color-0"
          >
            <span
              style="color: rgb(127, 0, 164);"
            >
              x
            </span>
            <span
              style="color: rgb(208, 8, 241);"
            >
              o
            </span>
            <span
              style="color: rgb(214, 193, 239);"
            >
              #
            </span>
          </button>
        </li>
        <li>
          <button
            data-testid="settings-button-color-1"
          >
            <span
              style="color: rgb(0, 130, 9);"
            >
              x
            </span>
            <span
              style="color: rgb(80, 204, 86);"
            >
              o
            </span>
            <span
              style="color: rgb(40, 167, 48);"
            >
              #
            </span>
          </button>
        </li>
        <li>
          <button
            data-testid="settings-button-color-2"
          >
            <span
              style="color: rgb(139, 0, 4);"
            >
              x
            </span>
            <span
              style="color: rgb(225, 25, 64);"
            >
              o
            </span>
            <span
              style="color: rgb(185, 10, 30);"
            >
              #
            </span>
          </button>
        </li>
      </ul>
    </div>
  </main>
</div>
`;
